{"level":"info","message":"Identity service running on port 3001","service":"identity-service","timestamp":"2026-03-26T08:24:04.503Z"}
{"level":"error","message":"Mongo connection error The `uri` parameter to `openUri()` must be a string, got \"undefined\". Make sure the first parameter to `mongoose.connect()` or `mongoose.createConnection()` is a string.","service":"identity-service","stack":"MongooseError: The `uri` parameter to `openUri()` must be a string, got \"undefined\". Make sure the first parameter to `mongoose.connect()` or `mongoose.createConnection()` is a string.\n    at NativeConnection.createClient (D:\\A-zxl-code\\学习\\项目\\PartTwoNode\\Nodejs-microservices\\identity-service\\node_modules\\mongoose\\lib\\drivers\\node-mongodb-native\\connection.js:230:11)\n    at NativeConnection.openUri (D:\\A-zxl-code\\学习\\项目\\PartTwoNode\\Nodejs-microservices\\identity-service\\node_modules\\mongoose\\lib\\connection.js:1074:34)\n    at Mongoose.connect (D:\\A-zxl-code\\学习\\项目\\PartTwoNode\\Nodejs-microservices\\identity-service\\node_modules\\mongoose\\lib\\mongoose.js:475:15)\n    at Object.<anonymous> (D:\\A-zxl-code\\学习\\项目\\PartTwoNode\\Nodejs-microservices\\identity-service\\src\\server.js:19:6)\n    at Module._compile (node:internal/modules/cjs/loader:1529:14)\n    at Module._extensions..js (node:internal/modules/cjs/loader:1613:10)\n    at Module.load (node:internal/modules/cjs/loader:1275:32)\n    at Module._load (node:internal/modules/cjs/loader:1096:12)\n    at Function.executeUserEntryPoint [as runMain] (node:internal/modules/run_main:164:12)\n    at node:internal/main/run_main_module:28:49","timestamp":"2026-03-26T08:24:04.506Z"}
{"level":"info","message":"Identity service running on port 3001","service":"identity-service","timestamp":"2026-03-26T08:24:45.979Z"}
{"cause":{"commonWireVersion":0,"compatible":true,"heartbeatFrequencyMS":10000,"localThresholdMS":15,"logicalSessionTimeoutMinutes":null,"maxElectionId":null,"maxSetVersion":null,"servers":{"ac-xcw5dvu-shard-00-00.vnplypc.mongodb.net:27017":{"$clusterTime":null,"address":"ac-xcw5dvu-shard-00-00.vnplypc.mongodb.net:27017","arbiters":[],"electionId":null,"error":{"beforeHandshake":false,"errorLabelSet":{}},"hosts":[],"iscryptd":false,"lastUpdateTime":30064,"lastWriteDate":0,"logicalSessionTimeoutMinutes":null,"maxBsonObjectSize":null,"maxMessageSizeBytes":null,"maxWireVersion":0,"maxWriteBatchSize":null,"me":null,"minRoundTripTime":0,"minWireVersion":0,"passives":[],"primary":null,"roundTripTime":-1,"setName":null,"setVersion":null,"tags":{},"topologyVersion":null,"type":"Unknown"},"ac-xcw5dvu-shard-00-01.vnplypc.mongodb.net:27017":{"$clusterTime":null,"address":"ac-xcw5dvu-shard-00-01.vnplypc.mongodb.net:27017","arbiters":[],"electionId":null,"error":{"beforeHandshake":false,"errorLabelSet":{}},"hosts":[],"iscryptd":false,"lastUpdateTime":30027,"lastWriteDate":0,"logicalSessionTimeoutMinutes":null,"maxBsonObjectSize":null,"maxMessageSizeBytes":null,"maxWireVersion":0,"maxWriteBatchSize":null,"me":null,"minRoundTripTime":0,"minWireVersion":0,"passives":[],"primary":null,"roundTripTime":-1,"setName":null,"setVersion":null,"tags":{},"topologyVersion":null,"type":"Unknown"},"ac-xcw5dvu-shard-00-02.vnplypc.mongodb.net:27017":{"$clusterTime":null,"address":"ac-xcw5dvu-shard-00-02.vnplypc.mongodb.net:27017","arbiters":[],"electionId":null,"error":{"beforeHandshake":false,"errorLabelSet":{}},"hosts":[],"iscryptd":false,"lastUpdateTime":30060,"lastWriteDate":0,"logicalSessionTimeoutMinutes":null,"maxBsonObjectSize":null,"maxMessageSizeBytes":null,"maxWireVersion":0,"maxWriteBatchSize":null,"me":null,"minRoundTripTime":0,"minWireVersion":0,"passives":[],"primary":null,"roundTripTime":-1,"setName":null,"setVersion":null,"tags":{},"topologyVersion":null,"type":"Unknown"}},"setName":"atlas-26ctxn-shard-0","stale":false,"type":"ReplicaSetNoPrimary"},"errorLabelSet":{},"level":"error","message":"Could not connect to any servers in your MongoDB Atlas cluster. One common reason is that you're trying to access the database from an IP that isn't whitelisted. Make sure your current IP address is on your Atlas cluster's IP whitelist: https://www.mongodb.com/docs/atlas/security-whitelist/","reason":{"commonWireVersion":0,"compatible":true,"heartbeatFrequencyMS":10000,"localThresholdMS":15,"logicalSessionTimeoutMinutes":null,"maxElectionId":null,"maxSetVersion":null,"servers":{"ac-xcw5dvu-shard-00-00.vnplypc.mongodb.net:27017":{"$clusterTime":null,"address":"ac-xcw5dvu-shard-00-00.vnplypc.mongodb.net:27017","arbiters":[],"electionId":null,"error":{"beforeHandshake":false,"errorLabelSet":{}},"hosts":[],"iscryptd":false,"lastUpdateTime":30064,"lastWriteDate":0,"logicalSessionTimeoutMinutes":null,"maxBsonObjectSize":null,"maxMessageSizeBytes":null,"maxWireVersion":0,"maxWriteBatchSize":null,"me":null,"minRoundTripTime":0,"minWireVersion":0,"passives":[],"primary":null,"roundTripTime":-1,"setName":null,"setVersion":null,"tags":{},"topologyVersion":null,"type":"Unknown"},"ac-xcw5dvu-shard-00-01.vnplypc.mongodb.net:27017":{"$clusterTime":null,"address":"ac-xcw5dvu-shard-00-01.vnplypc.mongodb.net:27017","arbiters":[],"electionId":null,"error":{"beforeHandshake":false,"errorLabelSet":{}},"hosts":[],"iscryptd":false,"lastUpdateTime":30027,"lastWriteDate":0,"logicalSessionTimeoutMinutes":null,"maxBsonObjectSize":null,"maxMessageSizeBytes":null,"maxWireVersion":0,"maxWriteBatchSize":null,"me":null,"minRoundTripTime":0,"minWireVersion":0,"passives":[],"primary":null,"roundTripTime":-1,"setName":null,"setVersion":null,"tags":{},"topologyVersion":null,"type":"Unknown"},"ac-xcw5dvu-shard-00-02.vnplypc.mongodb.net:27017":{"$clusterTime":null,"address":"ac-xcw5dvu-shard-00-02.vnplypc.mongodb.net:27017","arbiters":[],"electionId":null,"error":{"beforeHandshake":false,"errorLabelSet":{}},"hosts":[],"iscryptd":false,"lastUpdateTime":30060,"lastWriteDate":0,"logicalSessionTimeoutMinutes":null,"maxBsonObjectSize":null,"maxMessageSizeBytes":null,"maxWireVersion":0,"maxWriteBatchSize":null,"me":null,"minRoundTripTime":0,"minWireVersion":0,"passives":[],"primary":null,"roundTripTime":-1,"setName":null,"setVersion":null,"tags":{},"topologyVersion":null,"type":"Unknown"}},"setName":"atlas-26ctxn-shard-0","stale":false,"type":"ReplicaSetNoPrimary"},"service":"identity-service","stack":"MongooseServerSelectionError: Could not connect to any servers in your MongoDB Atlas cluster. One common reason is that you're trying to access the database from an IP that isn't whitelisted. Make sure your current IP address is on your Atlas cluster's IP whitelist: https://www.mongodb.com/docs/atlas/security-whitelist/\n    at _handleConnectionErrors (D:\\A-zxl-code\\学习\\项目\\PartTwoNode\\Nodejs-microservices\\identity-service\\node_modules\\mongoose\\lib\\connection.js:1168:11)\n    at NativeConnection.openUri (D:\\A-zxl-code\\学习\\项目\\PartTwoNode\\Nodejs-microservices\\identity-service\\node_modules\\mongoose\\lib\\connection.js:1099:11)","timestamp":"2026-03-26T08:25:16.048Z"}
{"level":"info","message":"Identity service running on port 3001","service":"identity-service","timestamp":"2026-03-26T08:28:18.908Z"}
{"code":8000,"codeName":"AtlasError","connectionGeneration":0,"errorLabelSet":{},"errorResponse":{"code":8000,"codeName":"AtlasError","errmsg":"bad auth : Authentication failed.","ok":0},"level":"error","message":"Mongo connection error bad auth : Authentication failed.","ok":0,"service":"identity-service","stack":"MongoServerError: bad auth : Authentication failed.\n    at Connection.sendCommand (D:\\A-zxl-code\\学习\\项目\\PartTwoNode\\Nodejs-microservices\\identity-service\\node_modules\\mongodb\\lib\\cmap\\connection.js:320:27)\n    at process.processTicksAndRejections (node:internal/process/task_queues:95:5)\n    at async Connection.command (D:\\A-zxl-code\\学习\\项目\\PartTwoNode\\Nodejs-microservices\\identity-service\\node_modules\\mongodb\\lib\\cmap\\connection.js:344:26)\n    at async executeScram (D:\\A-zxl-code\\学习\\项目\\PartTwoNode\\Nodejs-microservices\\identity-service\\node_modules\\mongodb\\lib\\cmap\\auth\\scram.js:79:22)\n    at async ScramSHA256.auth (D:\\A-zxl-code\\学习\\项目\\PartTwoNode\\Nodejs-microservices\\identity-service\\node_modules\\mongodb\\lib\\cmap\\auth\\scram.js:39:16)\n    at async performInitialHandshake (D:\\A-zxl-code\\学习\\项目\\PartTwoNode\\Nodejs-microservices\\identity-service\\node_modules\\mongodb\\lib\\cmap\\connect.js:110:13)\n    at async connect (D:\\A-zxl-code\\学习\\项目\\PartTwoNode\\Nodejs-microservices\\identity-service\\node_modules\\mongodb\\lib\\cmap\\connect.js:28:9)","timestamp":"2026-03-26T08:28:20.940Z"}
{"level":"info","message":"Identity service running on port 3001","service":"identity-service","timestamp":"2026-03-26T08:28:30.455Z"}
{"code":8000,"codeName":"AtlasError","connectionGeneration":0,"errorLabelSet":{},"errorResponse":{"code":8000,"codeName":"AtlasError","errmsg":"bad auth : Authentication failed.","ok":0},"level":"error","message":"Mongo connection error bad auth : Authentication failed.","ok":0,"service":"identity-service","stack":"MongoServerError: bad auth : Authentication failed.\n    at Connection.sendCommand (D:\\A-zxl-code\\学习\\项目\\PartTwoNode\\Nodejs-microservices\\identity-service\\node_modules\\mongodb\\lib\\cmap\\connection.js:320:27)\n    at process.processTicksAndRejections (node:internal/process/task_queues:95:5)\n    at async Connection.command (D:\\A-zxl-code\\学习\\项目\\PartTwoNode\\Nodejs-microservices\\identity-service\\node_modules\\mongodb\\lib\\cmap\\connection.js:344:26)\n    at async executeScram (D:\\A-zxl-code\\学习\\项目\\PartTwoNode\\Nodejs-microservices\\identity-service\\node_modules\\mongodb\\lib\\cmap\\auth\\scram.js:79:22)\n    at async ScramSHA256.auth (D:\\A-zxl-code\\学习\\项目\\PartTwoNode\\Nodejs-microservices\\identity-service\\node_modules\\mongodb\\lib\\cmap\\auth\\scram.js:39:16)\n    at async performInitialHandshake (D:\\A-zxl-code\\学习\\项目\\PartTwoNode\\Nodejs-microservices\\identity-service\\node_modules\\mongodb\\lib\\cmap\\connect.js:110:13)\n    at async connect (D:\\A-zxl-code\\学习\\项目\\PartTwoNode\\Nodejs-microservices\\identity-service\\node_modules\\mongodb\\lib\\cmap\\connect.js:28:9)","timestamp":"2026-03-26T08:28:32.371Z"}
{"level":"info","message":"Identity service running on port 3001","service":"identity-service","timestamp":"2026-03-26T08:28:38.684Z"}
{"code":8000,"codeName":"AtlasError","connectionGeneration":0,"errorLabelSet":{},"errorResponse":{"code":8000,"codeName":"AtlasError","errmsg":"bad auth : Authentication failed.","ok":0},"level":"error","message":"Mongo connection error bad auth : Authentication failed.","ok":0,"service":"identity-service","stack":"MongoServerError: bad auth : Authentication failed.\n    at Connection.sendCommand (D:\\A-zxl-code\\学习\\项目\\PartTwoNode\\Nodejs-microservices\\identity-service\\node_modules\\mongodb\\lib\\cmap\\connection.js:320:27)\n    at process.processTicksAndRejections (node:internal/process/task_queues:95:5)\n    at async Connection.command (D:\\A-zxl-code\\学习\\项目\\PartTwoNode\\Nodejs-microservices\\identity-service\\node_modules\\mongodb\\lib\\cmap\\connection.js:344:26)\n    at async executeScram (D:\\A-zxl-code\\学习\\项目\\PartTwoNode\\Nodejs-microservices\\identity-service\\node_modules\\mongodb\\lib\\cmap\\auth\\scram.js:79:22)\n    at async ScramSHA256.auth (D:\\A-zxl-code\\学习\\项目\\PartTwoNode\\Nodejs-microservices\\identity-service\\node_modules\\mongodb\\lib\\cmap\\auth\\scram.js:39:16)\n    at async performInitialHandshake (D:\\A-zxl-code\\学习\\项目\\PartTwoNode\\Nodejs-microservices\\identity-service\\node_modules\\mongodb\\lib\\cmap\\connect.js:110:13)\n    at async connect (D:\\A-zxl-code\\学习\\项目\\PartTwoNode\\Nodejs-microservices\\identity-service\\node_modules\\mongodb\\lib\\cmap\\connect.js:28:9)","timestamp":"2026-03-26T08:28:40.648Z"}
{"level":"info","message":"Identity service running on port 3001","service":"identity-service","timestamp":"2026-03-26T08:30:55.432Z"}
{"level":"info","message":"Connected to mongodb","service":"identity-service","timestamp":"2026-03-26T08:30:58.693Z"}
{"level":"info","message":"Identity service running on port 3001","service":"identity-service","timestamp":"2026-03-26T08:36:57.042Z"}
{"level":"info","message":"Connected to mongodb","service":"identity-service","timestamp":"2026-03-26T08:36:59.248Z"}
{"level":"info","message":"Received POST request to /api/auth/register","service":"identity-service","timestamp":"2026-03-26T08:40:25.989Z"}
{"level":"info","message":"Request body, [object Object]","service":"identity-service","timestamp":"2026-03-26T08:40:25.990Z"}
{"level":"info","message":"注册开始...","service":"identity-service","timestamp":"2026-03-26T08:40:25.998Z"}
{"level":"error","message":"注册出错 User is not defined","service":"identity-service","stack":"ReferenceError: User is not defined\n    at resgiterUser (D:\\A-zxl-code\\学习\\项目\\PartTwoNode\\Nodejs-microservices\\identity-service\\src\\controllers\\identity-controller.js:20:20)\n    at Layer.handleRequest (D:\\A-zxl-code\\学习\\项目\\PartTwoNode\\Nodejs-microservices\\identity-service\\node_modules\\router\\lib\\layer.js:152:17)\n    at next (D:\\A-zxl-code\\学习\\项目\\PartTwoNode\\Nodejs-microservices\\identity-service\\node_modules\\router\\lib\\route.js:157:13)\n    at Route.dispatch (D:\\A-zxl-code\\学习\\项目\\PartTwoNode\\Nodejs-microservices\\identity-service\\node_modules\\router\\lib\\route.js:117:3)\n    at handle (D:\\A-zxl-code\\学习\\项目\\PartTwoNode\\Nodejs-microservices\\identity-service\\node_modules\\router\\index.js:435:11)\n    at Layer.handleRequest (D:\\A-zxl-code\\学习\\项目\\PartTwoNode\\Nodejs-microservices\\identity-service\\node_modules\\router\\lib\\layer.js:152:17)\n    at D:\\A-zxl-code\\学习\\项目\\PartTwoNode\\Nodejs-microservices\\identity-service\\node_modules\\router\\index.js:295:15\n    at processParams (D:\\A-zxl-code\\学习\\项目\\PartTwoNode\\Nodejs-microservices\\identity-service\\node_modules\\router\\index.js:582:12)\n    at next (D:\\A-zxl-code\\学习\\项目\\PartTwoNode\\Nodejs-microservices\\identity-service\\node_modules\\router\\index.js:291:5)\n    at Function.handle (D:\\A-zxl-code\\学习\\项目\\PartTwoNode\\Nodejs-microservices\\identity-service\\node_modules\\router\\index.js:186:3)","timestamp":"2026-03-26T08:40:26.002Z"}
{"level":"info","message":"Identity service running on port 3001","service":"identity-service","timestamp":"2026-03-26T08:45:03.987Z"}
{"level":"info","message":"Identity service running on port 3001","service":"identity-service","timestamp":"2026-03-26T08:45:09.560Z"}
{"level":"info","message":"Connected to mongodb","service":"identity-service","timestamp":"2026-03-26T08:45:11.741Z"}
{"level":"info","message":"Received POST request to /api/auth/register","service":"identity-service","timestamp":"2026-03-26T08:45:21.695Z"}
{"level":"info","message":"Request body, [object Object]","service":"identity-service","timestamp":"2026-03-26T08:45:21.696Z"}
{"level":"info","message":"注册开始...","service":"identity-service","timestamp":"2026-03-26T08:45:21.701Z"}
{"buffer":{"data":[105,196,242,33,195,15,156,161,98,45,152,140],"type":"Buffer"},"level":"warn","message":"用户注册成功","service":"identity-service","timestamp":"2026-03-26T08:45:22.287Z"}
{"level":"info","message":"Received POST request to /api/auth/register","service":"identity-service","timestamp":"2026-03-26T08:46:55.954Z"}
{"level":"info","message":"Request body, [object Object]","service":"identity-service","timestamp":"2026-03-26T08:46:55.954Z"}
{"level":"info","message":"注册开始...","service":"identity-service","timestamp":"2026-03-26T08:46:55.956Z"}
{"level":"warn","message":"用户已存在","service":"identity-service","timestamp":"2026-03-26T08:46:56.206Z"}
{"level":"info","message":"Received POST request to /api/auth/register","service":"identity-service","timestamp":"2026-03-26T08:47:27.626Z"}
{"level":"info","message":"Request body, [object Object]","service":"identity-service","timestamp":"2026-03-26T08:47:27.627Z"}
{"level":"info","message":"注册开始...","service":"identity-service","timestamp":"2026-03-26T08:47:27.628Z"}
{"0":"\"","1":"u","10":" ","11":"l","12":"e","13":"n","14":"g","15":"t","16":"h","17":" ","18":"m","19":"u","2":"s","20":"s","21":"t","22":" ","23":"b","24":"e","25":" ","26":"a","27":"t","28":" ","29":"l","3":"e","30":"e","31":"a","32":"s","33":"t","34":" ","35":"3","36":" ","37":"c","38":"h","39":"a","4":"r","40":"r","41":"a","42":"c","43":"t","44":"e","45":"r","46":"s","47":" ","48":"l","49":"o","5":"n","50":"n","51":"g","6":"a","7":"m","8":"e","9":"\"","level":"warn","message":"Validation error","service":"identity-service","timestamp":"2026-03-26T08:47:27.629Z"}
{"level":"info","message":"Received POST request to /api/auth/register","service":"identity-service","timestamp":"2026-03-26T08:47:35.727Z"}
{"level":"info","message":"Request body, [object Object]","service":"identity-service","timestamp":"2026-03-26T08:47:35.727Z"}
{"level":"info","message":"注册开始...","service":"identity-service","timestamp":"2026-03-26T08:47:35.728Z"}
{"0":"\"","1":"u","10":" ","11":"l","12":"e","13":"n","14":"g","15":"t","16":"h","17":" ","18":"m","19":"u","2":"s","20":"s","21":"t","22":" ","23":"b","24":"e","25":" ","26":"a","27":"t","28":" ","29":"l","3":"e","30":"e","31":"a","32":"s","33":"t","34":" ","35":"3","36":" ","37":"c","38":"h","39":"a","4":"r","40":"r","41":"a","42":"c","43":"t","44":"e","45":"r","46":"s","47":" ","48":"l","49":"o","5":"n","50":"n","51":"g","6":"a","7":"m","8":"e","9":"\"","level":"warn","message":"Validation error","service":"identity-service","timestamp":"2026-03-26T08:47:35.729Z"}
{"level":"info","message":"Received POST request to /api/auth/register","service":"identity-service","timestamp":"2026-03-26T08:47:43.443Z"}
{"level":"info","message":"Request body, [object Object]","service":"identity-service","timestamp":"2026-03-26T08:47:43.443Z"}
{"level":"info","message":"注册开始...","service":"identity-service","timestamp":"2026-03-26T08:47:43.445Z"}
{"0":"\"","1":"u","10":" ","11":"l","12":"e","13":"n","14":"g","15":"t","16":"h","17":" ","18":"m","19":"u","2":"s","20":"s","21":"t","22":" ","23":"b","24":"e","25":" ","26":"a","27":"t","28":" ","29":"l","3":"e","30":"e","31":"a","32":"s","33":"t","34":" ","35":"3","36":" ","37":"c","38":"h","39":"a","4":"r","40":"r","41":"a","42":"c","43":"t","44":"e","45":"r","46":"s","47":" ","48":"l","49":"o","5":"n","50":"n","51":"g","6":"a","7":"m","8":"e","9":"\"","level":"warn","message":"Validation error","service":"identity-service","timestamp":"2026-03-26T08:47:43.445Z"}
{"level":"info","message":"Received POST request to /api/auth/register","service":"identity-service","timestamp":"2026-03-26T08:47:47.864Z"}
{"level":"info","message":"Request body, [object Object]","service":"identity-service","timestamp":"2026-03-26T08:47:47.864Z"}
{"level":"info","message":"注册开始...","service":"identity-service","timestamp":"2026-03-26T08:47:47.866Z"}
{"0":"\"","1":"u","10":" ","11":"l","12":"e","13":"n","14":"g","15":"t","16":"h","17":" ","18":"m","19":"u","2":"s","20":"s","21":"t","22":" ","23":"b","24":"e","25":" ","26":"a","27":"t","28":" ","29":"l","3":"e","30":"e","31":"a","32":"s","33":"t","34":" ","35":"3","36":" ","37":"c","38":"h","39":"a","4":"r","40":"r","41":"a","42":"c","43":"t","44":"e","45":"r","46":"s","47":" ","48":"l","49":"o","5":"n","50":"n","51":"g","6":"a","7":"m","8":"e","9":"\"","level":"warn","message":"Validation error","service":"identity-service","timestamp":"2026-03-26T08:47:47.866Z"}
{"level":"info","message":"Received POST request to /api/auth/register","service":"identity-service","timestamp":"2026-03-26T08:48:01.156Z"}
{"level":"info","message":"Request body, [object Object]","service":"identity-service","timestamp":"2026-03-26T08:48:01.156Z"}
{"level":"info","message":"注册开始...","service":"identity-service","timestamp":"2026-03-26T08:48:01.158Z"}
{"buffer":{"data":[105,196,242,193,195,15,156,161,98,45,152,146],"type":"Buffer"},"level":"warn","message":"用户注册成功","service":"identity-service","timestamp":"2026-03-26T08:48:01.708Z"}
{"level":"info","message":"Received POST request to /api/auth/register","service":"identity-service","timestamp":"2026-03-26T08:49:30.103Z"}
{"level":"info","message":"Request body, [object Object]","service":"identity-service","timestamp":"2026-03-26T08:49:30.104Z"}
{"level":"info","message":"注册开始...","service":"identity-service","timestamp":"2026-03-26T08:49:30.105Z"}
{"level":"warn","message":"用户已存在","service":"identity-service","timestamp":"2026-03-26T08:49:30.354Z"}
{"level":"info","message":"Received POST request to /api/auth/register","service":"identity-service","timestamp":"2026-03-26T08:49:31.118Z"}
{"level":"info","message":"Request body, [object Object]","service":"identity-service","timestamp":"2026-03-26T08:49:31.118Z"}
{"level":"info","message":"注册开始...","service":"identity-service","timestamp":"2026-03-26T08:49:31.119Z"}
{"level":"warn","message":"用户已存在","service":"identity-service","timestamp":"2026-03-26T08:49:31.368Z"}
{"level":"info","message":"Received POST request to /api/auth/register","service":"identity-service","timestamp":"2026-03-26T08:49:31.908Z"}
{"level":"info","message":"Request body, [object Object]","service":"identity-service","timestamp":"2026-03-26T08:49:31.908Z"}
{"level":"info","message":"注册开始...","service":"identity-service","timestamp":"2026-03-26T08:49:31.910Z"}
{"level":"warn","message":"用户已存在","service":"identity-service","timestamp":"2026-03-26T08:49:32.159Z"}
{"level":"info","message":"Received POST request to /api/auth/register","service":"identity-service","timestamp":"2026-03-26T08:49:32.715Z"}
{"level":"info","message":"Request body, [object Object]","service":"identity-service","timestamp":"2026-03-26T08:49:32.715Z"}
{"level":"info","message":"注册开始...","service":"identity-service","timestamp":"2026-03-26T08:49:32.716Z"}
{"level":"warn","message":"用户已存在","service":"identity-service","timestamp":"2026-03-26T08:49:32.965Z"}
{"level":"info","message":"Received POST request to /api/auth/register","service":"identity-service","timestamp":"2026-03-26T08:49:33.555Z"}
{"level":"info","message":"Request body, [object Object]","service":"identity-service","timestamp":"2026-03-26T08:49:33.556Z"}
{"level":"info","message":"注册开始...","service":"identity-service","timestamp":"2026-03-26T08:49:33.556Z"}
{"level":"warn","message":"用户已存在","service":"identity-service","timestamp":"2026-03-26T08:49:33.806Z"}
{"level":"info","message":"Received POST request to /api/auth/register","service":"identity-service","timestamp":"2026-03-26T08:49:34.556Z"}
{"level":"info","message":"Request body, [object Object]","service":"identity-service","timestamp":"2026-03-26T08:49:34.556Z"}
{"level":"info","message":"注册开始...","service":"identity-service","timestamp":"2026-03-26T08:49:34.557Z"}
{"level":"warn","message":"用户已存在","service":"identity-service","timestamp":"2026-03-26T08:49:34.806Z"}
{"level":"info","message":"Received POST request to /api/auth/register","service":"identity-service","timestamp":"2026-03-26T08:49:37.923Z"}
{"level":"info","message":"Request body, [object Object]","service":"identity-service","timestamp":"2026-03-26T08:49:37.924Z"}
{"level":"info","message":"注册开始...","service":"identity-service","timestamp":"2026-03-26T08:49:37.924Z"}
{"level":"warn","message":"用户已存在","service":"identity-service","timestamp":"2026-03-26T08:49:38.173Z"}
{"level":"info","message":"Received POST request to /api/auth/register","service":"identity-service","timestamp":"2026-03-26T08:49:39.024Z"}
{"level":"info","message":"Request body, [object Object]","service":"identity-service","timestamp":"2026-03-26T08:49:39.024Z"}
{"level":"info","message":"注册开始...","service":"identity-service","timestamp":"2026-03-26T08:49:39.025Z"}
{"level":"warn","message":"用户已存在","service":"identity-service","timestamp":"2026-03-26T08:49:39.275Z"}
{"level":"info","message":"Received POST request to /api/auth/register","service":"identity-service","timestamp":"2026-03-26T08:49:40.063Z"}
{"level":"info","message":"Request body, [object Object]","service":"identity-service","timestamp":"2026-03-26T08:49:40.064Z"}
{"level":"info","message":"注册开始...","service":"identity-service","timestamp":"2026-03-26T08:49:40.065Z"}
{"level":"warn","message":"用户已存在","service":"identity-service","timestamp":"2026-03-26T08:49:40.313Z"}
{"level":"info","message":"Received POST request to /api/auth/register","service":"identity-service","timestamp":"2026-03-26T08:49:41.022Z"}
{"level":"info","message":"Request body, [object Object]","service":"identity-service","timestamp":"2026-03-26T08:49:41.022Z"}
{"level":"info","message":"注册开始...","service":"identity-service","timestamp":"2026-03-26T08:49:41.023Z"}
{"level":"warn","message":"用户已存在","service":"identity-service","timestamp":"2026-03-26T08:49:41.272Z"}
{"level":"info","message":"Received POST request to /api/auth/register","service":"identity-service","timestamp":"2026-03-26T08:49:42.064Z"}
{"level":"info","message":"Request body, [object Object]","service":"identity-service","timestamp":"2026-03-26T08:49:42.064Z"}
{"level":"info","message":"注册开始...","service":"identity-service","timestamp":"2026-03-26T08:49:42.065Z"}
{"level":"warn","message":"用户已存在","service":"identity-service","timestamp":"2026-03-26T08:49:42.314Z"}
{"level":"info","message":"Received POST request to /api/auth/register","service":"identity-service","timestamp":"2026-03-26T08:49:43.285Z"}
{"level":"info","message":"Request body, [object Object]","service":"identity-service","timestamp":"2026-03-26T08:49:43.286Z"}
{"level":"info","message":"注册开始...","service":"identity-service","timestamp":"2026-03-26T08:49:43.287Z"}
{"level":"warn","message":"用户已存在","service":"identity-service","timestamp":"2026-03-26T08:49:43.535Z"}
{"level":"info","message":"Received POST request to /api/auth/register","service":"identity-service","timestamp":"2026-03-26T08:49:44.257Z"}
{"level":"info","message":"Request body, [object Object]","service":"identity-service","timestamp":"2026-03-26T08:49:44.257Z"}
{"level":"info","message":"注册开始...","service":"identity-service","timestamp":"2026-03-26T08:49:44.258Z"}
{"level":"warn","message":"用户已存在","service":"identity-service","timestamp":"2026-03-26T08:49:44.506Z"}
{"level":"info","message":"Received POST request to /api/auth/register","service":"identity-service","timestamp":"2026-03-26T08:49:45.201Z"}
{"level":"info","message":"Request body, [object Object]","service":"identity-service","timestamp":"2026-03-26T08:49:45.201Z"}
{"level":"info","message":"注册开始...","service":"identity-service","timestamp":"2026-03-26T08:49:45.202Z"}
{"level":"warn","message":"用户已存在","service":"identity-service","timestamp":"2026-03-26T08:49:45.452Z"}
{"level":"info","message":"Received POST request to /api/auth/register","service":"identity-service","timestamp":"2026-03-26T08:50:07.090Z"}
{"level":"info","message":"Request body, [object Object]","service":"identity-service","timestamp":"2026-03-26T08:50:07.091Z"}
{"level":"info","message":"注册开始...","service":"identity-service","timestamp":"2026-03-26T08:50:07.092Z"}
{"level":"warn","message":"用户已存在","service":"identity-service","timestamp":"2026-03-26T08:50:07.339Z"}
{"level":"info","message":"Received POST request to /api/auth/register","service":"identity-service","timestamp":"2026-03-26T08:50:07.938Z"}
{"level":"info","message":"Request body, [object Object]","service":"identity-service","timestamp":"2026-03-26T08:50:07.938Z"}
{"level":"info","message":"注册开始...","service":"identity-service","timestamp":"2026-03-26T08:50:07.939Z"}
{"level":"warn","message":"用户已存在","service":"identity-service","timestamp":"2026-03-26T08:50:08.187Z"}
{"level":"info","message":"Received POST request to /api/auth/register","service":"identity-service","timestamp":"2026-03-26T08:50:08.792Z"}
{"level":"info","message":"Request body, [object Object]","service":"identity-service","timestamp":"2026-03-26T08:50:08.792Z"}
{"level":"info","message":"注册开始...","service":"identity-service","timestamp":"2026-03-26T08:50:08.793Z"}
{"level":"warn","message":"用户已存在","service":"identity-service","timestamp":"2026-03-26T08:50:09.041Z"}
{"level":"info","message":"Received POST request to /api/auth/register","service":"identity-service","timestamp":"2026-03-26T08:50:09.848Z"}
{"level":"info","message":"Request body, [object Object]","service":"identity-service","timestamp":"2026-03-26T08:50:09.848Z"}
{"level":"info","message":"注册开始...","service":"identity-service","timestamp":"2026-03-26T08:50:09.849Z"}
{"level":"warn","message":"用户已存在","service":"identity-service","timestamp":"2026-03-26T08:50:10.105Z"}
{"level":"info","message":"Identity service running on port 3001","service":"identity-service","timestamp":"2026-03-26T08:54:43.216Z"}
{"level":"info","message":"Connected to mongodb","service":"identity-service","timestamp":"2026-03-26T08:54:45.419Z"}
{"level":"info","message":"Received POST request to /api/auth/register","service":"identity-service","timestamp":"2026-03-26T08:54:47.534Z"}
{"level":"info","message":"Request body, [object Object]","service":"identity-service","timestamp":"2026-03-26T08:54:47.535Z"}
{"level":"info","message":"DDoS检查通过: ::1","service":"identity-service","timestamp":"2026-03-26T08:54:47.537Z"}
{"level":"info","message":"注册开始...","service":"identity-service","timestamp":"2026-03-26T08:54:47.539Z"}
{"level":"warn","message":"用户已存在","service":"identity-service","timestamp":"2026-03-26T08:54:47.806Z"}
{"level":"info","message":"Identity service running on port 3001","service":"identity-service","timestamp":"2026-03-26T08:55:42.529Z"}
{"level":"info","message":"Received POST request to /api/auth/register","service":"identity-service","timestamp":"2026-03-26T08:55:44.389Z"}
{"level":"info","message":"Request body, [object Object]","service":"identity-service","timestamp":"2026-03-26T08:55:44.389Z"}
{"level":"info","message":"DDoS检查通过: ::1","service":"identity-service","timestamp":"2026-03-26T08:55:44.391Z"}
{"level":"info","message":"注册开始...","service":"identity-service","timestamp":"2026-03-26T08:55:44.394Z"}
{"level":"info","message":"Connected to mongodb","service":"identity-service","timestamp":"2026-03-26T08:55:44.799Z"}
{"level":"info","message":"Received POST request to /api/auth/register","service":"identity-service","timestamp":"2026-03-26T08:55:45.643Z"}
{"level":"info","message":"Request body, [object Object]","service":"identity-service","timestamp":"2026-03-26T08:55:45.643Z"}
{"level":"info","message":"DDoS检查通过: ::1","service":"identity-service","timestamp":"2026-03-26T08:55:45.644Z"}
{"level":"info","message":"注册开始...","service":"identity-service","timestamp":"2026-03-26T08:55:45.645Z"}
{"level":"warn","message":"用户已存在","service":"identity-service","timestamp":"2026-03-26T08:55:45.939Z"}
{"level":"warn","message":"用户已存在","service":"identity-service","timestamp":"2026-03-26T08:55:46.359Z"}
{"level":"info","message":"Received POST request to /api/auth/register","service":"identity-service","timestamp":"2026-03-26T08:55:46.418Z"}
{"level":"info","message":"Request body, [object Object]","service":"identity-service","timestamp":"2026-03-26T08:55:46.419Z"}
{"level":"info","message":"DDoS检查通过: ::1","service":"identity-service","timestamp":"2026-03-26T08:55:46.419Z"}
{"level":"info","message":"注册开始...","service":"identity-service","timestamp":"2026-03-26T08:55:46.420Z"}
{"level":"warn","message":"用户已存在","service":"identity-service","timestamp":"2026-03-26T08:55:46.672Z"}
{"level":"info","message":"Received POST request to /api/auth/register","service":"identity-service","timestamp":"2026-03-26T08:55:47.037Z"}
{"level":"info","message":"Request body, [object Object]","service":"identity-service","timestamp":"2026-03-26T08:55:47.038Z"}
{"level":"info","message":"DDoS检查通过: ::1","service":"identity-service","timestamp":"2026-03-26T08:55:47.039Z"}
{"level":"info","message":"注册开始...","service":"identity-service","timestamp":"2026-03-26T08:55:47.039Z"}
{"level":"warn","message":"用户已存在","service":"identity-service","timestamp":"2026-03-26T08:55:47.296Z"}
{"level":"info","message":"Received POST request to /api/auth/register","service":"identity-service","timestamp":"2026-03-26T08:55:47.943Z"}
{"level":"info","message":"Request body, [object Object]","service":"identity-service","timestamp":"2026-03-26T08:55:47.944Z"}
{"level":"info","message":"DDoS检查通过: ::1","service":"identity-service","timestamp":"2026-03-26T08:55:47.944Z"}
{"level":"info","message":"注册开始...","service":"identity-service","timestamp":"2026-03-26T08:55:47.945Z"}
{"level":"warn","message":"用户已存在","service":"identity-service","timestamp":"2026-03-26T08:55:48.207Z"}
{"level":"info","message":"Identity service running on port 3001","service":"identity-service","timestamp":"2026-03-26T08:55:58.081Z"}
{"level":"info","message":"Connected to mongodb","service":"identity-service","timestamp":"2026-03-26T08:56:00.300Z"}
{"level":"info","message":"Received POST request to /api/auth/register","service":"identity-service","timestamp":"2026-03-26T08:56:03.177Z"}
{"level":"info","message":"Request body, [object Object]","service":"identity-service","timestamp":"2026-03-26T08:56:03.178Z"}
{"level":"info","message":"DDoS检查通过: ::1","service":"identity-service","timestamp":"2026-03-26T08:56:03.180Z"}
{"level":"warn","message":"敏感端点速率限制已超出 IP: ::1","service":"identity-service","timestamp":"2026-03-26T08:56:03.184Z"}
{"level":"info","message":"Received POST request to /api/auth/register","service":"identity-service","timestamp":"2026-03-26T08:56:03.985Z"}
{"level":"info","message":"Request body, [object Object]","service":"identity-service","timestamp":"2026-03-26T08:56:03.986Z"}
{"level":"info","message":"DDoS检查通过: ::1","service":"identity-service","timestamp":"2026-03-26T08:56:03.987Z"}
{"level":"warn","message":"敏感端点速率限制已超出 IP: ::1","service":"identity-service","timestamp":"2026-03-26T08:56:03.988Z"}
{"level":"info","message":"Received POST request to /api/auth/register","service":"identity-service","timestamp":"2026-03-26T08:56:04.693Z"}
{"level":"info","message":"Request body, [object Object]","service":"identity-service","timestamp":"2026-03-26T08:56:04.693Z"}
{"level":"info","message":"DDoS检查通过: ::1","service":"identity-service","timestamp":"2026-03-26T08:56:04.694Z"}
{"level":"warn","message":"敏感端点速率限制已超出 IP: ::1","service":"identity-service","timestamp":"2026-03-26T08:56:04.695Z"}
{"level":"info","message":"Received POST request to /api/auth/register","service":"identity-service","timestamp":"2026-03-26T08:56:05.418Z"}
{"level":"info","message":"Request body, [object Object]","service":"identity-service","timestamp":"2026-03-26T08:56:05.419Z"}
{"level":"info","message":"DDoS检查通过: ::1","service":"identity-service","timestamp":"2026-03-26T08:56:05.419Z"}
{"level":"warn","message":"敏感端点速率限制已超出 IP: ::1","service":"identity-service","timestamp":"2026-03-26T08:56:05.420Z"}
{"level":"info","message":"Received POST request to /api/auth/register","service":"identity-service","timestamp":"2026-03-26T08:56:06.042Z"}
{"level":"info","message":"Request body, [object Object]","service":"identity-service","timestamp":"2026-03-26T08:56:06.042Z"}
{"level":"info","message":"DDoS检查通过: ::1","service":"identity-service","timestamp":"2026-03-26T08:56:06.043Z"}
{"level":"warn","message":"敏感端点速率限制已超出 IP: ::1","service":"identity-service","timestamp":"2026-03-26T08:56:06.043Z"}
